---
source: tests/stream_response_test.rs
expression: "&message"
---
id: "[id]"
object: chat.completion.chunk
created: "[created]"
model: gpt-4-0613
choices:
  - index: 0
    delta:
      role: ~
      content: ~
      function_call: ~
    finish_reason: stop

