---
source: tests/stream_response_test.rs
expression: "&combined"
---
- index: 0
  delta:
    role: assistant
    content: Hello! How can I assist you today?
    function_call: ~
  finish_reason: stop

