---
source: tests/stream_response_test.rs
expression: "&chat_message"
---
ChatCompletionResponseMessage:
  StreamResponse:
    - index: 0
      delta:
        role: ~
        content: " information"
        function_call: ~
      finish_reason: ~

